../Core/Src/main.c:190:10:BerechneAusrichtung	56	static
../Core/Src/main.c:84:5:main	112	static
../Core/Src/main.c:299:6:SystemClock_Config	104	static
../Core/Src/main.c:345:13:MX_I2C1_Init	8	static
../Core/Src/main.c:400:13:MX_TIM3_Init	64	static
../Core/Src/main.c:463:13:MX_TIM16_Init	8	static
../Core/Src/main.c:495:13:MX_GPIO_Init	48	static
../Core/Src/main.c:518:6:HAL_GPIO_EXTI_Callback	16	static
../Core/Src/main.c:526:6:HAL_TIM_PeriodElapsedCallback	16	static
../Core/Src/main.c:547:6:Error_Handler	8	static,ignoring_inline_asm
